Archive member included to satisfy reference by file (symbol)

/usr/lib/gcc/avr/5.4.0/avr25/tiny-stack/libgcc.a(_exit.o)
                              /usr/lib/gcc/avr/5.4.0/../../../avr/lib/avr25/tiny-stack/crtattiny2313.o (exit)
/usr/lib/gcc/avr/5.4.0/avr25/tiny-stack/libgcc.a(_copy_data.o)
                              ./usbdrv.o (__do_copy_data)
/usr/lib/gcc/avr/5.4.0/avr25/tiny-stack/libgcc.a(_clear_bss.o)
                              ./UsbMiniMediaKeyboard.o (__do_clear_bss)

Allocating common symbols
Common symbol       size              file

usbTxBuf            0xb               ./usbdrv.o
usbTxStatus1        0xc               ./usbdrv.o
usbDeviceAddr       0x1               ./usbdrv.o
usbRxToken          0x1               ./usbdrv.o
usbInputBufOffset   0x1               ./usbdrv.o
usbMsgPtr           0x2               ./usbdrv.o
usbRxLen            0x1               ./usbdrv.o
usbNewDeviceAddr    0x1               ./usbdrv.o
usbCurrentTok       0x1               ./usbdrv.o
usbConfiguration    0x1               ./usbdrv.o
usbRxBuf            0x16              ./usbdrv.o

Memory Configuration

Name             Origin             Length             Attributes
text             0x0000000000000000 0x0000000000002000 xr
data             0x0000000000800060 0x000000000000ffa0 rw !x
eeprom           0x0000000000810000 0x0000000000010000 rw !x
fuse             0x0000000000820000 0x0000000000000003 rw !x
lock             0x0000000000830000 0x0000000000000400 rw !x
signature        0x0000000000840000 0x0000000000000400 rw !x
user_signatures  0x0000000000850000 0x0000000000000400 rw !x
*default*        0x0000000000000000 0xffffffffffffffff

Linker script and memory map

LOAD /usr/lib/gcc/avr/5.4.0/../../../avr/lib/avr25/tiny-stack/crtattiny2313.o
LOAD ./UsbMiniMediaKeyboard.o
LOAD ./oddebug.o
LOAD ./usbdrv.o
LOAD ./usbdrvasm.o
START GROUP
LOAD /usr/lib/gcc/avr/5.4.0/avr25/tiny-stack/libgcc.a
LOAD /usr/lib/gcc/avr/5.4.0/../../../avr/lib/avr25/tiny-stack/libm.a
LOAD /usr/lib/gcc/avr/5.4.0/../../../avr/lib/avr25/tiny-stack/libc.a
LOAD /usr/lib/gcc/avr/5.4.0/../../../avr/lib/avr25/tiny-stack/libattiny2313.a
END GROUP
                0x0000000000002000                __TEXT_REGION_LENGTH__ = DEFINED (__TEXT_REGION_LENGTH__)?__TEXT_REGION_LENGTH__:0x2000
                0x000000000000ffa0                __DATA_REGION_LENGTH__ = DEFINED (__DATA_REGION_LENGTH__)?__DATA_REGION_LENGTH__:0xffa0
                0x0000000000010000                __EEPROM_REGION_LENGTH__ = DEFINED (__EEPROM_REGION_LENGTH__)?__EEPROM_REGION_LENGTH__:0x10000
                [0x0000000000000003]                __FUSE_REGION_LENGTH__ = DEFINED (__FUSE_REGION_LENGTH__)?__FUSE_REGION_LENGTH__:0x400
                0x0000000000000400                __LOCK_REGION_LENGTH__ = DEFINED (__LOCK_REGION_LENGTH__)?__LOCK_REGION_LENGTH__:0x400
                0x0000000000000400                __SIGNATURE_REGION_LENGTH__ = DEFINED (__SIGNATURE_REGION_LENGTH__)?__SIGNATURE_REGION_LENGTH__:0x400
                0x0000000000000400                __USER_SIGNATURE_REGION_LENGTH__ = DEFINED (__USER_SIGNATURE_REGION_LENGTH__)?__USER_SIGNATURE_REGION_LENGTH__:0x400

.hash
 *(.hash)

.dynsym
 *(.dynsym)

.dynstr
 *(.dynstr)

.gnu.version
 *(.gnu.version)

.gnu.version_d
 *(.gnu.version_d)

.gnu.version_r
 *(.gnu.version_r)

.rel.init
 *(.rel.init)

.rela.init
 *(.rela.init)

.rel.text
 *(.rel.text)
 *(.rel.text.*)
 *(.rel.gnu.linkonce.t*)

.rela.text
 *(.rela.text)
 *(.rela.text.*)
 *(.rela.gnu.linkonce.t*)

.rel.fini
 *(.rel.fini)

.rela.fini
 *(.rela.fini)

.rel.rodata
 *(.rel.rodata)
 *(.rel.rodata.*)
 *(.rel.gnu.linkonce.r*)

.rela.rodata
 *(.rela.rodata)
 *(.rela.rodata.*)
 *(.rela.gnu.linkonce.r*)

.rel.data
 *(.rel.data)
 *(.rel.data.*)
 *(.rel.gnu.linkonce.d*)

.rela.data
 *(.rela.data)
 *(.rela.data.*)
 *(.rela.gnu.linkonce.d*)

.rel.ctors
 *(.rel.ctors)

.rela.ctors
 *(.rela.ctors)

.rel.dtors
 *(.rel.dtors)

.rela.dtors
 *(.rela.dtors)

.rel.got
 *(.rel.got)

.rela.got
 *(.rela.got)

.rel.bss
 *(.rel.bss)

.rela.bss
 *(.rela.bss)

.rel.plt
 *(.rel.plt)

.rela.plt
 *(.rela.plt)

.text           0x0000000000000000      0x7e2
 *(.vectors)
 .vectors       0x0000000000000000       0x26 /usr/lib/gcc/avr/5.4.0/../../../avr/lib/avr25/tiny-stack/crtattiny2313.o
                0x0000000000000000                __vectors
                0x0000000000000000                __vector_default
 *(.vectors)
 *(.progmem.gcc*)
                0x0000000000000026                . = ALIGN (0x2)
                0x0000000000000026                __trampolines_start = .
 *(.trampolines)
 .trampolines   0x0000000000000026        0x0 linker stubs
 *(.trampolines*)
                0x0000000000000026                __trampolines_end = .
 *libprintf_flt.a:*(.progmem.data)
 *libc.a:*(.progmem.data)
 *(.progmem*)
 .progmem.data.usbDescriptorHidReport
                0x0000000000000026       0x19 ./UsbMiniMediaKeyboard.o
                0x0000000000000026                usbDescriptorHidReport
 .progmem.data.usbDescriptorConfiguration
                0x000000000000003f       0x22 ./usbdrv.o
                0x000000000000003f                usbDescriptorConfiguration
 .progmem.data.usbDescriptorDevice
                0x0000000000000061       0x12 ./usbdrv.o
                0x0000000000000061                usbDescriptorDevice
 .progmem.data.usbDescriptorStringDevice
                0x0000000000000073       0x36 ./usbdrv.o
                0x0000000000000073                usbDescriptorStringDevice
 .progmem.data.usbDescriptorStringVendor
                0x00000000000000a9       0x1e ./usbdrv.o
                0x00000000000000a9                usbDescriptorStringVendor
 .progmem.data.usbDescriptorString0
                0x00000000000000c7        0x4 ./usbdrv.o
                0x00000000000000c7                usbDescriptorString0
                0x00000000000000cc                . = ALIGN (0x2)
 *fill*         0x00000000000000cb        0x1 
 *(.jumptables)
 *(.jumptables*)
 *(.lowtext)
 *(.lowtext*)
                0x00000000000000cc                __ctors_start = .
 *(.ctors)
                0x00000000000000cc                __ctors_end = .
                0x00000000000000cc                __dtors_start = .
 *(.dtors)
                0x00000000000000cc                __dtors_end = .
 SORT(*)(.ctors)
 SORT(*)(.dtors)
 *(.init0)
 .init0         0x00000000000000cc        0x0 /usr/lib/gcc/avr/5.4.0/../../../avr/lib/avr25/tiny-stack/crtattiny2313.o
                0x00000000000000cc                __init
 *(.init0)
 *(.init1)
 *(.init1)
 *(.init2)
 .init2         0x00000000000000cc        0x8 /usr/lib/gcc/avr/5.4.0/../../../avr/lib/avr25/tiny-stack/crtattiny2313.o
 *(.init2)
 *(.init3)
 *(.init3)
 *(.init4)
 .init4         0x00000000000000d4       0x16 /usr/lib/gcc/avr/5.4.0/avr25/tiny-stack/libgcc.a(_copy_data.o)
                0x00000000000000d4                __do_copy_data
 .init4         0x00000000000000ea       0x10 /usr/lib/gcc/avr/5.4.0/avr25/tiny-stack/libgcc.a(_clear_bss.o)
                0x00000000000000ea                __do_clear_bss
 *(.init4)
 *(.init5)
 *(.init5)
 *(.init6)
 *(.init6)
 *(.init7)
 *(.init7)
 *(.init8)
 *(.init8)
 *(.init9)
 .init9         0x00000000000000fa        0x4 /usr/lib/gcc/avr/5.4.0/../../../avr/lib/avr25/tiny-stack/crtattiny2313.o
 *(.init9)
 *(.text)
 .text          0x00000000000000fe        0x2 /usr/lib/gcc/avr/5.4.0/../../../avr/lib/avr25/tiny-stack/crtattiny2313.o
                0x00000000000000fe                __vector_12
                0x00000000000000fe                __bad_interrupt
                0x00000000000000fe                __vector_6
                0x00000000000000fe                __vector_3
                0x00000000000000fe                __vector_11
                0x00000000000000fe                __vector_13
                0x00000000000000fe                __vector_17
                0x00000000000000fe                __vector_7
                0x00000000000000fe                __vector_5
                0x00000000000000fe                __vector_4
                0x00000000000000fe                __vector_9
                0x00000000000000fe                __vector_2
                0x00000000000000fe                __vector_15
                0x00000000000000fe                __vector_8
                0x00000000000000fe                __vector_14
                0x00000000000000fe                __vector_10
                0x00000000000000fe                __vector_16
                0x00000000000000fe                __vector_18
 .text          0x0000000000000100        0x0 ./UsbMiniMediaKeyboard.o
 .text          0x0000000000000100        0x0 ./oddebug.o
 .text          0x0000000000000100        0x0 ./usbdrv.o
 .text          0x0000000000000100      0x2ec ./usbdrvasm.o
                0x0000000000000100                usbCrc16
                0x000000000000014a                usbCrc16Append
                0x0000000000000152                usbMeasureFrameLength
                0x0000000000000178                __vector_1
 .text          0x00000000000003ec        0x0 /usr/lib/gcc/avr/5.4.0/avr25/tiny-stack/libgcc.a(_exit.o)
 .text          0x00000000000003ec        0x0 /usr/lib/gcc/avr/5.4.0/avr25/tiny-stack/libgcc.a(_copy_data.o)
 .text          0x00000000000003ec        0x0 /usr/lib/gcc/avr/5.4.0/avr25/tiny-stack/libgcc.a(_clear_bss.o)
                0x00000000000003ec                . = ALIGN (0x2)
 *(.text.*)
 .text.usbEventResetReady
                0x00000000000003ec        0x2 ./UsbMiniMediaKeyboard.o
                0x00000000000003ec                usbEventResetReady
 .text.usbFunctionSetup
                0x00000000000003ee       0x46 ./UsbMiniMediaKeyboard.o
                0x00000000000003ee                usbFunctionSetup
 .text.startup.main
                0x0000000000000434       0xfc ./UsbMiniMediaKeyboard.o
                0x0000000000000434                main
 .text.usbSetInterrupt
                0x0000000000000530       0x42 ./usbdrv.o
                0x0000000000000530                usbSetInterrupt
 .text.usbPoll  0x0000000000000572      0x252 ./usbdrv.o
                0x0000000000000572                usbPoll
 .text.usbInit  0x00000000000007c4       0x1a ./usbdrv.o
                0x00000000000007c4                usbInit
 .text.libgcc.mul
                0x00000000000007de        0x0 /usr/lib/gcc/avr/5.4.0/avr25/tiny-stack/libgcc.a(_exit.o)
 .text.libgcc.div
                0x00000000000007de        0x0 /usr/lib/gcc/avr/5.4.0/avr25/tiny-stack/libgcc.a(_exit.o)
 .text.libgcc   0x00000000000007de        0x0 /usr/lib/gcc/avr/5.4.0/avr25/tiny-stack/libgcc.a(_exit.o)
 .text.libgcc.prologue
                0x00000000000007de        0x0 /usr/lib/gcc/avr/5.4.0/avr25/tiny-stack/libgcc.a(_exit.o)
 .text.libgcc.builtins
                0x00000000000007de        0x0 /usr/lib/gcc/avr/5.4.0/avr25/tiny-stack/libgcc.a(_exit.o)
 .text.libgcc.fmul
                0x00000000000007de        0x0 /usr/lib/gcc/avr/5.4.0/avr25/tiny-stack/libgcc.a(_exit.o)
 .text.libgcc.fixed
                0x00000000000007de        0x0 /usr/lib/gcc/avr/5.4.0/avr25/tiny-stack/libgcc.a(_exit.o)
 .text.libgcc.mul
                0x00000000000007de        0x0 /usr/lib/gcc/avr/5.4.0/avr25/tiny-stack/libgcc.a(_copy_data.o)
 .text.libgcc.div
                0x00000000000007de        0x0 /usr/lib/gcc/avr/5.4.0/avr25/tiny-stack/libgcc.a(_copy_data.o)
 .text.libgcc   0x00000000000007de        0x0 /usr/lib/gcc/avr/5.4.0/avr25/tiny-stack/libgcc.a(_copy_data.o)
 .text.libgcc.prologue
                0x00000000000007de        0x0 /usr/lib/gcc/avr/5.4.0/avr25/tiny-stack/libgcc.a(_copy_data.o)
 .text.libgcc.builtins
                0x00000000000007de        0x0 /usr/lib/gcc/avr/5.4.0/avr25/tiny-stack/libgcc.a(_copy_data.o)
 .text.libgcc.fmul
                0x00000000000007de        0x0 /usr/lib/gcc/avr/5.4.0/avr25/tiny-stack/libgcc.a(_copy_data.o)
 .text.libgcc.fixed
                0x00000000000007de        0x0 /usr/lib/gcc/avr/5.4.0/avr25/tiny-stack/libgcc.a(_copy_data.o)
 .text.libgcc.mul
                0x00000000000007de        0x0 /usr/lib/gcc/avr/5.4.0/avr25/tiny-stack/libgcc.a(_clear_bss.o)
 .text.libgcc.div
                0x00000000000007de        0x0 /usr/lib/gcc/avr/5.4.0/avr25/tiny-stack/libgcc.a(_clear_bss.o)
 .text.libgcc   0x00000000000007de        0x0 /usr/lib/gcc/avr/5.4.0/avr25/tiny-stack/libgcc.a(_clear_bss.o)
 .text.libgcc.prologue
                0x00000000000007de        0x0 /usr/lib/gcc/avr/5.4.0/avr25/tiny-stack/libgcc.a(_clear_bss.o)
 .text.libgcc.builtins
                0x00000000000007de        0x0 /usr/lib/gcc/avr/5.4.0/avr25/tiny-stack/libgcc.a(_clear_bss.o)
 .text.libgcc.fmul
                0x00000000000007de        0x0 /usr/lib/gcc/avr/5.4.0/avr25/tiny-stack/libgcc.a(_clear_bss.o)
 .text.libgcc.fixed
                0x00000000000007de        0x0 /usr/lib/gcc/avr/5.4.0/avr25/tiny-stack/libgcc.a(_clear_bss.o)
                0x00000000000007de                . = ALIGN (0x2)
 *(.fini9)
 .fini9         0x00000000000007de        0x0 /usr/lib/gcc/avr/5.4.0/avr25/tiny-stack/libgcc.a(_exit.o)
                0x00000000000007de                exit
                0x00000000000007de                _exit
 *(.fini9)
 *(.fini8)
 *(.fini8)
 *(.fini7)
 *(.fini7)
 *(.fini6)
 *(.fini6)
 *(.fini5)
 *(.fini5)
 *(.fini4)
 *(.fini4)
 *(.fini3)
 *(.fini3)
 *(.fini2)
 *(.fini2)
 *(.fini1)
 *(.fini1)
 *(.fini0)
 .fini0         0x00000000000007de        0x4 /usr/lib/gcc/avr/5.4.0/avr25/tiny-stack/libgcc.a(_exit.o)
 *(.fini0)
                0x00000000000007e2                _etext = .

.data           0x0000000000800060        0x2 load address 0x00000000000007e2
                0x0000000000800060                PROVIDE (__data_start, .)
 *(.data)
 .data          0x0000000000800060        0x0 /usr/lib/gcc/avr/5.4.0/../../../avr/lib/avr25/tiny-stack/crtattiny2313.o
 .data          0x0000000000800060        0x0 ./UsbMiniMediaKeyboard.o
 .data          0x0000000000800060        0x0 ./oddebug.o
 .data          0x0000000000800060        0x0 ./usbdrv.o
 .data          0x0000000000800060        0x0 ./usbdrvasm.o
 .data          0x0000000000800060        0x0 /usr/lib/gcc/avr/5.4.0/avr25/tiny-stack/libgcc.a(_exit.o)
 .data          0x0000000000800060        0x0 /usr/lib/gcc/avr/5.4.0/avr25/tiny-stack/libgcc.a(_copy_data.o)
 .data          0x0000000000800060        0x0 /usr/lib/gcc/avr/5.4.0/avr25/tiny-stack/libgcc.a(_clear_bss.o)
 *(.data*)
 .data.usbMsgLen
                0x0000000000800060        0x1 ./usbdrv.o
 .data.usbTxLen
                0x0000000000800061        0x1 ./usbdrv.o
                0x0000000000800061                usbTxLen
 *(.rodata)
 *(.rodata*)
 *(.gnu.linkonce.d*)
                0x0000000000800062                . = ALIGN (0x2)
                0x0000000000800062                _edata = .
                0x0000000000800062                PROVIDE (__data_end, .)

.bss            0x0000000000800062       0x3c
                0x0000000000800062                PROVIDE (__bss_start, .)
 *(.bss)
 .bss           0x0000000000800062        0x0 /usr/lib/gcc/avr/5.4.0/../../../avr/lib/avr25/tiny-stack/crtattiny2313.o
 .bss           0x0000000000800062        0x0 ./UsbMiniMediaKeyboard.o
 .bss           0x0000000000800062        0x0 ./oddebug.o
 .bss           0x0000000000800062        0x0 ./usbdrv.o
 .bss           0x0000000000800062        0x0 ./usbdrvasm.o
 .bss           0x0000000000800062        0x0 /usr/lib/gcc/avr/5.4.0/avr25/tiny-stack/libgcc.a(_exit.o)
 .bss           0x0000000000800062        0x0 /usr/lib/gcc/avr/5.4.0/avr25/tiny-stack/libgcc.a(_copy_data.o)
 .bss           0x0000000000800062        0x0 /usr/lib/gcc/avr/5.4.0/avr25/tiny-stack/libgcc.a(_clear_bss.o)
 *(.bss*)
 .bss.idleRate  0x0000000000800062        0x1 ./UsbMiniMediaKeyboard.o
 .bss.reportBuffer
                0x0000000000800063        0x3 ./UsbMiniMediaKeyboard.o
 .bss.wasReset.1891
                0x0000000000800066        0x1 ./usbdrv.o
 .bss.usbMsgFlags
                0x0000000000800067        0x1 ./usbdrv.o
 *(COMMON)
 COMMON         0x0000000000800068       0x36 ./usbdrv.o
                0x0000000000800068                usbTxBuf
                0x0000000000800073                usbTxStatus1
                0x000000000080007f                usbDeviceAddr
                0x0000000000800080                usbRxToken
                0x0000000000800081                usbInputBufOffset
                0x0000000000800082                usbMsgPtr
                0x0000000000800084                usbRxLen
                0x0000000000800085                usbNewDeviceAddr
                0x0000000000800086                usbCurrentTok
                0x0000000000800087                usbConfiguration
                0x0000000000800088                usbRxBuf
                0x000000000080009e                PROVIDE (__bss_end, .)
                0x00000000000007e2                __data_load_start = LOADADDR (.data)
                0x00000000000007e4                __data_load_end = (__data_load_start + SIZEOF (.data))

.noinit         0x000000000080009e        0x0
                [!provide]                        PROVIDE (__noinit_start, .)
 *(.noinit*)
                [!provide]                        PROVIDE (__noinit_end, .)
                0x000000000080009e                _end = .
                [!provide]                        PROVIDE (__heap_start, .)

.eeprom         0x0000000000810000        0x0
 *(.eeprom*)
                0x0000000000810000                __eeprom_end = .

.fuse
 *(.fuse)
 *(.lfuse)
 *(.hfuse)
 *(.efuse)

.lock
 *(.lock*)

.signature
 *(.signature*)

.user_signatures
 *(.user_signatures*)

.stab           0x0000000000000000     0x288c
 *(.stab)
 .stab          0x0000000000000000      0x918 ./UsbMiniMediaKeyboard.o
 .stab          0x0000000000000918      0x300 ./oddebug.o
                                        0x4ec (size before relaxing)
 .stab          0x0000000000000c18      0xbc4 ./usbdrv.o
                                        0xe10 (size before relaxing)
 .stab          0x00000000000017dc     0x10b0 ./usbdrvasm.o
                                       0x10bc (size before relaxing)

.stabstr        0x0000000000000000     0x11b7
 *(.stabstr)
 .stabstr       0x0000000000000000     0x11b7 ./UsbMiniMediaKeyboard.o

.stab.excl
 *(.stab.excl)

.stab.exclstr
 *(.stab.exclstr)

.stab.index
 *(.stab.index)

.stab.indexstr
 *(.stab.indexstr)

.comment        0x0000000000000000       0x11
 *(.comment)
 .comment       0x0000000000000000       0x11 ./UsbMiniMediaKeyboard.o
                                         0x12 (size before relaxing)
 .comment       0x0000000000000011       0x12 ./oddebug.o
 .comment       0x0000000000000011       0x12 ./usbdrv.o

.note.gnu.avr.deviceinfo
                0x0000000000000000       0x40
 .note.gnu.avr.deviceinfo
                0x0000000000000000       0x40 /usr/lib/gcc/avr/5.4.0/../../../avr/lib/avr25/tiny-stack/crtattiny2313.o

.note.gnu.build-id
 *(.note.gnu.build-id)

.debug
 *(.debug)

.line
 *(.line)

.debug_srcinfo
 *(.debug_srcinfo)

.debug_sfnames
 *(.debug_sfnames)

.debug_aranges
 *(.debug_aranges)

.debug_pubnames
 *(.debug_pubnames)

.debug_info     0x0000000000000000      0x40e
 *(.debug_info .gnu.linkonce.wi.*)
 .debug_info    0x0000000000000000      0x40e /usr/lib/gcc/avr/5.4.0/../../../avr/lib/avr25/tiny-stack/crtattiny2313.o

.debug_abbrev   0x0000000000000000      0x3d7
 *(.debug_abbrev)
 .debug_abbrev  0x0000000000000000      0x3d7 /usr/lib/gcc/avr/5.4.0/../../../avr/lib/avr25/tiny-stack/crtattiny2313.o

.debug_line     0x0000000000000000       0x1a
 *(.debug_line .debug_line.* .debug_line_end)
 .debug_line    0x0000000000000000       0x1a /usr/lib/gcc/avr/5.4.0/../../../avr/lib/avr25/tiny-stack/crtattiny2313.o

.debug_frame
 *(.debug_frame)

.debug_str      0x0000000000000000      0x163
 *(.debug_str)
 .debug_str     0x0000000000000000      0x163 /usr/lib/gcc/avr/5.4.0/../../../avr/lib/avr25/tiny-stack/crtattiny2313.o

.debug_loc
 *(.debug_loc)

.debug_macinfo
 *(.debug_macinfo)

.debug_weaknames
 *(.debug_weaknames)

.debug_funcnames
 *(.debug_funcnames)

.debug_typenames
 *(.debug_typenames)

.debug_varnames
 *(.debug_varnames)

.debug_pubtypes
 *(.debug_pubtypes)

.debug_ranges
 *(.debug_ranges)

.debug_macro
 *(.debug_macro)
OUTPUT(UsbMiniMediaKeyboard.elf elf32-avr)
LOAD linker stubs
