Archive member included because of file (symbol)

D:/Portable/WinAVR-20090313/lib/gcc/avr/4.3.2/avr4\libgcc.a(_exit.o)
                              D:/Portable/WinAVR-20090313/lib/gcc/avr/4.3.2/../../../../avr/lib/avr4/crtm88p.o (exit)
D:/Portable/WinAVR-20090313/lib/gcc/avr/4.3.2/avr4\libgcc.a(_clear_bss.o)
                              LedMatrixCompanion.o (__do_clear_bss)
D:/Portable/WinAVR-20090313/lib/gcc/avr/4.3.2/../../../../avr/lib/avr4\libc.a(random.o)
                              LedMatrixCompanion.o (random)
D:/Portable/WinAVR-20090313/lib/gcc/avr/4.3.2/avr4\libgcc.a(_mulsi3.o)
                              D:/Portable/WinAVR-20090313/lib/gcc/avr/4.3.2/../../../../avr/lib/avr4\libc.a(random.o) (__mulsi3)
D:/Portable/WinAVR-20090313/lib/gcc/avr/4.3.2/avr4\libgcc.a(_divmodsi4.o)
                              D:/Portable/WinAVR-20090313/lib/gcc/avr/4.3.2/../../../../avr/lib/avr4\libc.a(random.o) (__divmodsi4)
D:/Portable/WinAVR-20090313/lib/gcc/avr/4.3.2/avr4\libgcc.a(_prologue.o)
                              D:/Portable/WinAVR-20090313/lib/gcc/avr/4.3.2/../../../../avr/lib/avr4\libc.a(random.o) (__prologue_saves__)
D:/Portable/WinAVR-20090313/lib/gcc/avr/4.3.2/avr4\libgcc.a(_epilogue.o)
                              D:/Portable/WinAVR-20090313/lib/gcc/avr/4.3.2/../../../../avr/lib/avr4\libc.a(random.o) (__epilogue_restores__)
D:/Portable/WinAVR-20090313/lib/gcc/avr/4.3.2/avr4\libgcc.a(_copy_data.o)
                              D:/Portable/WinAVR-20090313/lib/gcc/avr/4.3.2/../../../../avr/lib/avr4\libc.a(random.o) (__do_copy_data)
D:/Portable/WinAVR-20090313/lib/gcc/avr/4.3.2/avr4\libgcc.a(_udivmodsi4.o)
                              D:/Portable/WinAVR-20090313/lib/gcc/avr/4.3.2/avr4\libgcc.a(_divmodsi4.o) (__udivmodsi4)

Allocating common symbols
Common symbol       size              file

mBuffer             0x8               LedMatrixCompanion.o

Memory Configuration

Name             Origin             Length             Attributes
text             0x00000000         0x00002000         xr
data             0x00800060         0x0000ffa0         rw !x
eeprom           0x00810000         0x00010000         rw !x
fuse             0x00820000         0x00000400         rw !x
lock             0x00830000         0x00000400         rw !x
signature        0x00840000         0x00000400         rw !x
*default*        0x00000000         0xffffffff

Linker script and memory map

Address of section .data set to 0x800100
LOAD D:/Portable/WinAVR-20090313/lib/gcc/avr/4.3.2/../../../../avr/lib/avr4/crtm88p.o
LOAD LedMatrixCompanion.o
LOAD D:/Portable/WinAVR-20090313/lib/gcc/avr/4.3.2/../../../../avr/lib/avr4\libm.a
LOAD D:/Portable/WinAVR-20090313/lib/gcc/avr/4.3.2/avr4\libgcc.a
LOAD D:/Portable/WinAVR-20090313/lib/gcc/avr/4.3.2/../../../../avr/lib/avr4\libc.a
LOAD D:/Portable/WinAVR-20090313/lib/gcc/avr/4.3.2/avr4\libgcc.a

.hash
 *(.hash)

.dynsym
 *(.dynsym)

.dynstr
 *(.dynstr)

.gnu.version
 *(.gnu.version)

.gnu.version_d
 *(.gnu.version_d)

.gnu.version_r
 *(.gnu.version_r)

.rel.init
 *(.rel.init)

.rela.init
 *(.rela.init)

.rel.text
 *(.rel.text)
 *(.rel.text.*)
 *(.rel.gnu.linkonce.t*)

.rela.text
 *(.rela.text)
 *(.rela.text.*)
 *(.rela.gnu.linkonce.t*)

.rel.fini
 *(.rel.fini)

.rela.fini
 *(.rela.fini)

.rel.rodata
 *(.rel.rodata)
 *(.rel.rodata.*)
 *(.rel.gnu.linkonce.r*)

.rela.rodata
 *(.rela.rodata)
 *(.rela.rodata.*)
 *(.rela.gnu.linkonce.r*)

.rel.data
 *(.rel.data)
 *(.rel.data.*)
 *(.rel.gnu.linkonce.d*)

.rela.data
 *(.rela.data)
 *(.rela.data.*)
 *(.rela.gnu.linkonce.d*)

.rel.ctors
 *(.rel.ctors)

.rela.ctors
 *(.rela.ctors)

.rel.dtors
 *(.rel.dtors)

.rela.dtors
 *(.rela.dtors)

.rel.got
 *(.rel.got)

.rela.got
 *(.rela.got)

.rel.bss
 *(.rel.bss)

.rela.bss
 *(.rela.bss)

.rel.plt
 *(.rel.plt)

.rela.plt
 *(.rela.plt)

.text           0x00000000      0x3b6
 *(.vectors)
 .vectors       0x00000000       0x34 D:/Portable/WinAVR-20090313/lib/gcc/avr/4.3.2/../../../../avr/lib/avr4/crtm88p.o
                0x00000000                __vectors
                0x00000000                __vector_default
 *(.vectors)
 *(.progmem.gcc*)
 *(.progmem*)
                0x00000034                . = ALIGN (0x2)
                0x00000034                __trampolines_start = .
 *(.trampolines)
 .trampolines   0x00000034        0x0 linker stubs
 *(.trampolines*)
                0x00000034                __trampolines_end = .
 *(.jumptables)
 *(.jumptables*)
 *(.lowtext)
 *(.lowtext*)
                0x00000034                __ctors_start = .
 *(.ctors)
                0x00000034                __ctors_end = .
                0x00000034                __dtors_start = .
 *(.dtors)
                0x00000034                __dtors_end = .
 SORT(*)(.ctors)
 SORT(*)(.dtors)
 *(.init0)
 .init0         0x00000034        0x0 D:/Portable/WinAVR-20090313/lib/gcc/avr/4.3.2/../../../../avr/lib/avr4/crtm88p.o
                0x00000034                __init
 *(.init0)
 *(.init1)
 *(.init1)
 *(.init2)
 .init2         0x00000034        0xc D:/Portable/WinAVR-20090313/lib/gcc/avr/4.3.2/../../../../avr/lib/avr4/crtm88p.o
 *(.init2)
 *(.init3)
 *(.init3)
 *(.init4)
 .init4         0x00000040       0x10 D:/Portable/WinAVR-20090313/lib/gcc/avr/4.3.2/avr4\libgcc.a(_clear_bss.o)
                0x00000040                __do_clear_bss
 .init4         0x00000050       0x16 D:/Portable/WinAVR-20090313/lib/gcc/avr/4.3.2/avr4\libgcc.a(_copy_data.o)
                0x00000050                __do_copy_data
 *(.init4)
 *(.init5)
 *(.init5)
 *(.init6)
 *(.init6)
 *(.init7)
 *(.init7)
 *(.init8)
 *(.init8)
 *(.init9)
 .init9         0x00000066        0x4 D:/Portable/WinAVR-20090313/lib/gcc/avr/4.3.2/../../../../avr/lib/avr4/crtm88p.o
 *(.init9)
 *(.text)
 .text          0x0000006a        0x2 D:/Portable/WinAVR-20090313/lib/gcc/avr/4.3.2/../../../../avr/lib/avr4/crtm88p.o
                0x0000006a                __vector_22
                0x0000006a                __vector_1
                0x0000006a                __vector_24
                0x0000006a                __vector_12
                0x0000006a                __bad_interrupt
                0x0000006a                __vector_6
                0x0000006a                __vector_3
                0x0000006a                __vector_23
                0x0000006a                __vector_25
                0x0000006a                __vector_11
                0x0000006a                __vector_13
                0x0000006a                __vector_17
                0x0000006a                __vector_19
                0x0000006a                __vector_7
                0x0000006a                __vector_5
                0x0000006a                __vector_4
                0x0000006a                __vector_9
                0x0000006a                __vector_2
                0x0000006a                __vector_21
                0x0000006a                __vector_15
                0x0000006a                __vector_8
                0x0000006a                __vector_14
                0x0000006a                __vector_10
                0x0000006a                __vector_16
                0x0000006a                __vector_18
                0x0000006a                __vector_20
 .text          0x0000006c      0x16e LedMatrixCompanion.o
                0x00000128                loop
                0x0000006c                digitalWrite
                0x000001a4                randomOnOff
                0x000000ee                scanLines
                0x00000198                main
                0x000000de                setup
 .text          0x000001da        0x0 D:/Portable/WinAVR-20090313/lib/gcc/avr/4.3.2/avr4\libgcc.a(_exit.o)
 .text          0x000001da        0x0 D:/Portable/WinAVR-20090313/lib/gcc/avr/4.3.2/avr4\libgcc.a(_clear_bss.o)
 .text          0x000001da       0xb2 D:/Portable/WinAVR-20090313/lib/gcc/avr/4.3.2/../../../../avr/lib/avr4\libc.a(random.o)
                0x00000272                random
                0x0000026e                random_r
                0x0000027a                srandom
 .text          0x0000028c        0x0 D:/Portable/WinAVR-20090313/lib/gcc/avr/4.3.2/avr4\libgcc.a(_mulsi3.o)
 .text          0x0000028c        0x0 D:/Portable/WinAVR-20090313/lib/gcc/avr/4.3.2/avr4\libgcc.a(_divmodsi4.o)
 .text          0x0000028c        0x0 D:/Portable/WinAVR-20090313/lib/gcc/avr/4.3.2/avr4\libgcc.a(_prologue.o)
 .text          0x0000028c        0x0 D:/Portable/WinAVR-20090313/lib/gcc/avr/4.3.2/avr4\libgcc.a(_epilogue.o)
 .text          0x0000028c        0x0 D:/Portable/WinAVR-20090313/lib/gcc/avr/4.3.2/avr4\libgcc.a(_copy_data.o)
 .text          0x0000028c        0x0 D:/Portable/WinAVR-20090313/lib/gcc/avr/4.3.2/avr4\libgcc.a(_udivmodsi4.o)
                0x0000028c                . = ALIGN (0x2)
 *(.text.*)
 .text.libgcc   0x0000028c        0x0 D:/Portable/WinAVR-20090313/lib/gcc/avr/4.3.2/avr4\libgcc.a(_exit.o)
 .text.libgcc   0x0000028c        0x0 D:/Portable/WinAVR-20090313/lib/gcc/avr/4.3.2/avr4\libgcc.a(_clear_bss.o)
 .text.libgcc   0x0000028c       0x3e D:/Portable/WinAVR-20090313/lib/gcc/avr/4.3.2/avr4\libgcc.a(_mulsi3.o)
                0x0000028c                __mulsi3
 .text.libgcc   0x000002ca       0x36 D:/Portable/WinAVR-20090313/lib/gcc/avr/4.3.2/avr4\libgcc.a(_divmodsi4.o)
                0x000002ca                __divmodsi4
 .text.libgcc   0x00000300       0x38 D:/Portable/WinAVR-20090313/lib/gcc/avr/4.3.2/avr4\libgcc.a(_prologue.o)
                0x00000300                __prologue_saves__
 .text.libgcc   0x00000338       0x36 D:/Portable/WinAVR-20090313/lib/gcc/avr/4.3.2/avr4\libgcc.a(_epilogue.o)
                0x00000338                __epilogue_restores__
 .text.libgcc   0x0000036e        0x0 D:/Portable/WinAVR-20090313/lib/gcc/avr/4.3.2/avr4\libgcc.a(_copy_data.o)
 .text.libgcc   0x0000036e       0x44 D:/Portable/WinAVR-20090313/lib/gcc/avr/4.3.2/avr4\libgcc.a(_udivmodsi4.o)
                0x0000036e                __udivmodsi4
                0x000003b2                . = ALIGN (0x2)
 *(.fini9)
 .fini9         0x000003b2        0x0 D:/Portable/WinAVR-20090313/lib/gcc/avr/4.3.2/avr4\libgcc.a(_exit.o)
                0x000003b2                exit
                0x000003b2                _exit
 *(.fini9)
 *(.fini8)
 *(.fini8)
 *(.fini7)
 *(.fini7)
 *(.fini6)
 *(.fini6)
 *(.fini5)
 *(.fini5)
 *(.fini4)
 *(.fini4)
 *(.fini3)
 *(.fini3)
 *(.fini2)
 *(.fini2)
 *(.fini1)
 *(.fini1)
 *(.fini0)
 .fini0         0x000003b2        0x4 D:/Portable/WinAVR-20090313/lib/gcc/avr/4.3.2/avr4\libgcc.a(_exit.o)
 *(.fini0)
                0x000003b6                _etext = .

.data           0x00800100        0x4 load address 0x000003b6
                0x00800100                PROVIDE (__data_start, .)
 *(.data)
 .data          0x00800100        0x0 D:/Portable/WinAVR-20090313/lib/gcc/avr/4.3.2/../../../../avr/lib/avr4/crtm88p.o
 .data          0x00800100        0x0 LedMatrixCompanion.o
 .data          0x00800100        0x0 D:/Portable/WinAVR-20090313/lib/gcc/avr/4.3.2/avr4\libgcc.a(_exit.o)
 .data          0x00800100        0x0 D:/Portable/WinAVR-20090313/lib/gcc/avr/4.3.2/avr4\libgcc.a(_clear_bss.o)
 .data          0x00800100        0x4 D:/Portable/WinAVR-20090313/lib/gcc/avr/4.3.2/../../../../avr/lib/avr4\libc.a(random.o)
 .data          0x00800104        0x0 D:/Portable/WinAVR-20090313/lib/gcc/avr/4.3.2/avr4\libgcc.a(_mulsi3.o)
 .data          0x00800104        0x0 D:/Portable/WinAVR-20090313/lib/gcc/avr/4.3.2/avr4\libgcc.a(_divmodsi4.o)
 .data          0x00800104        0x0 D:/Portable/WinAVR-20090313/lib/gcc/avr/4.3.2/avr4\libgcc.a(_prologue.o)
 .data          0x00800104        0x0 D:/Portable/WinAVR-20090313/lib/gcc/avr/4.3.2/avr4\libgcc.a(_epilogue.o)
 .data          0x00800104        0x0 D:/Portable/WinAVR-20090313/lib/gcc/avr/4.3.2/avr4\libgcc.a(_copy_data.o)
 .data          0x00800104        0x0 D:/Portable/WinAVR-20090313/lib/gcc/avr/4.3.2/avr4\libgcc.a(_udivmodsi4.o)
 *(.data*)
 *(.rodata)
 *(.rodata*)
 *(.gnu.linkonce.d*)
                0x00800104                . = ALIGN (0x2)
                0x00800104                _edata = .
                0x00800104                PROVIDE (__data_end, .)

.bss            0x00800104        0x9
                0x00800104                PROVIDE (__bss_start, .)
 *(.bss)
 .bss           0x00800104        0x0 D:/Portable/WinAVR-20090313/lib/gcc/avr/4.3.2/../../../../avr/lib/avr4/crtm88p.o
 .bss           0x00800104        0x1 LedMatrixCompanion.o
                0x00800104                mPos
 .bss           0x00800105        0x0 D:/Portable/WinAVR-20090313/lib/gcc/avr/4.3.2/avr4\libgcc.a(_exit.o)
 .bss           0x00800105        0x0 D:/Portable/WinAVR-20090313/lib/gcc/avr/4.3.2/avr4\libgcc.a(_clear_bss.o)
 .bss           0x00800105        0x0 D:/Portable/WinAVR-20090313/lib/gcc/avr/4.3.2/../../../../avr/lib/avr4\libc.a(random.o)
 .bss           0x00800105        0x0 D:/Portable/WinAVR-20090313/lib/gcc/avr/4.3.2/avr4\libgcc.a(_mulsi3.o)
 .bss           0x00800105        0x0 D:/Portable/WinAVR-20090313/lib/gcc/avr/4.3.2/avr4\libgcc.a(_divmodsi4.o)
 .bss           0x00800105        0x0 D:/Portable/WinAVR-20090313/lib/gcc/avr/4.3.2/avr4\libgcc.a(_prologue.o)
 .bss           0x00800105        0x0 D:/Portable/WinAVR-20090313/lib/gcc/avr/4.3.2/avr4\libgcc.a(_epilogue.o)
 .bss           0x00800105        0x0 D:/Portable/WinAVR-20090313/lib/gcc/avr/4.3.2/avr4\libgcc.a(_copy_data.o)
 .bss           0x00800105        0x0 D:/Portable/WinAVR-20090313/lib/gcc/avr/4.3.2/avr4\libgcc.a(_udivmodsi4.o)
 *(.bss*)
 *(COMMON)
 COMMON         0x00800105        0x8 LedMatrixCompanion.o
                0x00800105                mBuffer
                0x0080010d                PROVIDE (__bss_end, .)
                0x000003b6                __data_load_start = LOADADDR (.data)
                0x000003ba                __data_load_end = (__data_load_start + SIZEOF (.data))

.noinit         0x0080010d        0x0
                0x0080010d                PROVIDE (__noinit_start, .)
 *(.noinit*)
                0x0080010d                PROVIDE (__noinit_end, .)
                0x0080010d                _end = .
                0x0080010d                PROVIDE (__heap_start, .)

.eeprom         0x00810000        0x0
 *(.eeprom*)
                0x00810000                __eeprom_end = .

.fuse
 *(.fuse)
 *(.lfuse)
 *(.hfuse)
 *(.efuse)

.lock
 *(.lock*)

.signature
 *(.signature*)

.stab
 *(.stab)

.stabstr
 *(.stabstr)

.stab.excl
 *(.stab.excl)

.stab.exclstr
 *(.stab.exclstr)

.stab.index
 *(.stab.index)

.stab.indexstr
 *(.stab.indexstr)

.comment
 *(.comment)

.debug
 *(.debug)

.line
 *(.line)

.debug_srcinfo
 *(.debug_srcinfo)

.debug_sfnames
 *(.debug_sfnames)

.debug_aranges  0x00000000       0x20
 *(.debug_aranges)
 .debug_aranges
                0x00000000       0x20 LedMatrixCompanion.o

.debug_pubnames
                0x00000000       0x72
 *(.debug_pubnames)
 .debug_pubnames
                0x00000000       0x72 LedMatrixCompanion.o

.debug_info     0x00000000      0x2c0
 *(.debug_info)
 .debug_info    0x00000000      0x2c0 LedMatrixCompanion.o
 *(.gnu.linkonce.wi.*)

.debug_abbrev   0x00000000      0x150
 *(.debug_abbrev)
 .debug_abbrev  0x00000000      0x150 LedMatrixCompanion.o

.debug_line     0x00000000      0x28c
 *(.debug_line)
 .debug_line    0x00000000      0x28c LedMatrixCompanion.o

.debug_frame    0x00000000       0x70
 *(.debug_frame)
 .debug_frame   0x00000000       0x70 LedMatrixCompanion.o

.debug_str      0x00000000      0x14f
 *(.debug_str)
 .debug_str     0x00000000      0x14f LedMatrixCompanion.o
                                0x183 (size before relaxing)

.debug_loc      0x00000000       0xdd
 *(.debug_loc)
 .debug_loc     0x00000000       0xdd LedMatrixCompanion.o

.debug_macinfo
 *(.debug_macinfo)
OUTPUT(LedMatrixCompanion.elf elf32-avr)
LOAD linker stubs

.debug_ranges   0x00000000       0x78
 .debug_ranges  0x00000000       0x78 LedMatrixCompanion.o

Cross Reference Table

Symbol                                            File
__bad_interrupt                                   D:/Portable/WinAVR-20090313/lib/gcc/avr/4.3.2/../../../../avr/lib/avr4/crtm88p.o
__bss_end                                         D:/Portable/WinAVR-20090313/lib/gcc/avr/4.3.2/avr4\libgcc.a(_clear_bss.o)
__bss_start                                       D:/Portable/WinAVR-20090313/lib/gcc/avr/4.3.2/avr4\libgcc.a(_clear_bss.o)
__data_end                                        D:/Portable/WinAVR-20090313/lib/gcc/avr/4.3.2/avr4\libgcc.a(_copy_data.o)
__data_load_start                                 D:/Portable/WinAVR-20090313/lib/gcc/avr/4.3.2/avr4\libgcc.a(_copy_data.o)
__data_start                                      D:/Portable/WinAVR-20090313/lib/gcc/avr/4.3.2/avr4\libgcc.a(_copy_data.o)
__divmodsi4                                       D:/Portable/WinAVR-20090313/lib/gcc/avr/4.3.2/avr4\libgcc.a(_divmodsi4.o)
                                                  D:/Portable/WinAVR-20090313/lib/gcc/avr/4.3.2/../../../../avr/lib/avr4\libc.a(random.o)
__do_clear_bss                                    D:/Portable/WinAVR-20090313/lib/gcc/avr/4.3.2/avr4\libgcc.a(_clear_bss.o)
                                                  LedMatrixCompanion.o
__do_copy_data                                    D:/Portable/WinAVR-20090313/lib/gcc/avr/4.3.2/avr4\libgcc.a(_copy_data.o)
                                                  D:/Portable/WinAVR-20090313/lib/gcc/avr/4.3.2/../../../../avr/lib/avr4\libc.a(random.o)
__epilogue_restores__                             D:/Portable/WinAVR-20090313/lib/gcc/avr/4.3.2/avr4\libgcc.a(_epilogue.o)
                                                  D:/Portable/WinAVR-20090313/lib/gcc/avr/4.3.2/../../../../avr/lib/avr4\libc.a(random.o)
__heap_end                                        D:/Portable/WinAVR-20090313/lib/gcc/avr/4.3.2/../../../../avr/lib/avr4/crtm88p.o
__init                                            D:/Portable/WinAVR-20090313/lib/gcc/avr/4.3.2/../../../../avr/lib/avr4/crtm88p.o
__mulsi3                                          D:/Portable/WinAVR-20090313/lib/gcc/avr/4.3.2/avr4\libgcc.a(_mulsi3.o)
                                                  D:/Portable/WinAVR-20090313/lib/gcc/avr/4.3.2/../../../../avr/lib/avr4\libc.a(random.o)
__prologue_saves__                                D:/Portable/WinAVR-20090313/lib/gcc/avr/4.3.2/avr4\libgcc.a(_prologue.o)
                                                  D:/Portable/WinAVR-20090313/lib/gcc/avr/4.3.2/../../../../avr/lib/avr4\libc.a(random.o)
__stack                                           D:/Portable/WinAVR-20090313/lib/gcc/avr/4.3.2/../../../../avr/lib/avr4/crtm88p.o
__udivmodsi4                                      D:/Portable/WinAVR-20090313/lib/gcc/avr/4.3.2/avr4\libgcc.a(_udivmodsi4.o)
                                                  D:/Portable/WinAVR-20090313/lib/gcc/avr/4.3.2/avr4\libgcc.a(_divmodsi4.o)
__vector_1                                        D:/Portable/WinAVR-20090313/lib/gcc/avr/4.3.2/../../../../avr/lib/avr4/crtm88p.o
__vector_10                                       D:/Portable/WinAVR-20090313/lib/gcc/avr/4.3.2/../../../../avr/lib/avr4/crtm88p.o
__vector_11                                       D:/Portable/WinAVR-20090313/lib/gcc/avr/4.3.2/../../../../avr/lib/avr4/crtm88p.o
__vector_12                                       D:/Portable/WinAVR-20090313/lib/gcc/avr/4.3.2/../../../../avr/lib/avr4/crtm88p.o
__vector_13                                       D:/Portable/WinAVR-20090313/lib/gcc/avr/4.3.2/../../../../avr/lib/avr4/crtm88p.o
__vector_14                                       D:/Portable/WinAVR-20090313/lib/gcc/avr/4.3.2/../../../../avr/lib/avr4/crtm88p.o
__vector_15                                       D:/Portable/WinAVR-20090313/lib/gcc/avr/4.3.2/../../../../avr/lib/avr4/crtm88p.o
__vector_16                                       D:/Portable/WinAVR-20090313/lib/gcc/avr/4.3.2/../../../../avr/lib/avr4/crtm88p.o
__vector_17                                       D:/Portable/WinAVR-20090313/lib/gcc/avr/4.3.2/../../../../avr/lib/avr4/crtm88p.o
__vector_18                                       D:/Portable/WinAVR-20090313/lib/gcc/avr/4.3.2/../../../../avr/lib/avr4/crtm88p.o
__vector_19                                       D:/Portable/WinAVR-20090313/lib/gcc/avr/4.3.2/../../../../avr/lib/avr4/crtm88p.o
__vector_2                                        D:/Portable/WinAVR-20090313/lib/gcc/avr/4.3.2/../../../../avr/lib/avr4/crtm88p.o
__vector_20                                       D:/Portable/WinAVR-20090313/lib/gcc/avr/4.3.2/../../../../avr/lib/avr4/crtm88p.o
__vector_21                                       D:/Portable/WinAVR-20090313/lib/gcc/avr/4.3.2/../../../../avr/lib/avr4/crtm88p.o
__vector_22                                       D:/Portable/WinAVR-20090313/lib/gcc/avr/4.3.2/../../../../avr/lib/avr4/crtm88p.o
__vector_23                                       D:/Portable/WinAVR-20090313/lib/gcc/avr/4.3.2/../../../../avr/lib/avr4/crtm88p.o
__vector_24                                       D:/Portable/WinAVR-20090313/lib/gcc/avr/4.3.2/../../../../avr/lib/avr4/crtm88p.o
__vector_25                                       D:/Portable/WinAVR-20090313/lib/gcc/avr/4.3.2/../../../../avr/lib/avr4/crtm88p.o
__vector_3                                        D:/Portable/WinAVR-20090313/lib/gcc/avr/4.3.2/../../../../avr/lib/avr4/crtm88p.o
__vector_4                                        D:/Portable/WinAVR-20090313/lib/gcc/avr/4.3.2/../../../../avr/lib/avr4/crtm88p.o
__vector_5                                        D:/Portable/WinAVR-20090313/lib/gcc/avr/4.3.2/../../../../avr/lib/avr4/crtm88p.o
__vector_6                                        D:/Portable/WinAVR-20090313/lib/gcc/avr/4.3.2/../../../../avr/lib/avr4/crtm88p.o
__vector_7                                        D:/Portable/WinAVR-20090313/lib/gcc/avr/4.3.2/../../../../avr/lib/avr4/crtm88p.o
__vector_8                                        D:/Portable/WinAVR-20090313/lib/gcc/avr/4.3.2/../../../../avr/lib/avr4/crtm88p.o
__vector_9                                        D:/Portable/WinAVR-20090313/lib/gcc/avr/4.3.2/../../../../avr/lib/avr4/crtm88p.o
__vector_default                                  D:/Portable/WinAVR-20090313/lib/gcc/avr/4.3.2/../../../../avr/lib/avr4/crtm88p.o
__vectors                                         D:/Portable/WinAVR-20090313/lib/gcc/avr/4.3.2/../../../../avr/lib/avr4/crtm88p.o
_exit                                             D:/Portable/WinAVR-20090313/lib/gcc/avr/4.3.2/avr4\libgcc.a(_exit.o)
digitalWrite                                      LedMatrixCompanion.o
exit                                              D:/Portable/WinAVR-20090313/lib/gcc/avr/4.3.2/avr4\libgcc.a(_exit.o)
                                                  D:/Portable/WinAVR-20090313/lib/gcc/avr/4.3.2/../../../../avr/lib/avr4/crtm88p.o
loop                                              LedMatrixCompanion.o
mBuffer                                           LedMatrixCompanion.o
mPos                                              LedMatrixCompanion.o
main                                              LedMatrixCompanion.o
                                                  D:/Portable/WinAVR-20090313/lib/gcc/avr/4.3.2/../../../../avr/lib/avr4/crtm88p.o
random                                            D:/Portable/WinAVR-20090313/lib/gcc/avr/4.3.2/../../../../avr/lib/avr4\libc.a(random.o)
                                                  LedMatrixCompanion.o
randomOnOff                                       LedMatrixCompanion.o
random_r                                          D:/Portable/WinAVR-20090313/lib/gcc/avr/4.3.2/../../../../avr/lib/avr4\libc.a(random.o)
scanLines                                         LedMatrixCompanion.o
setup                                             LedMatrixCompanion.o
srandom                                           D:/Portable/WinAVR-20090313/lib/gcc/avr/4.3.2/../../../../avr/lib/avr4\libc.a(random.o)
