Archive member included because of file (symbol)

D:/Portable/WinAVR-20090313/lib/gcc/avr/4.3.2/avr4\libgcc.a(_mulsi3.o)
                              LedMatrixCompanion.o (__mulsi3)
D:/Portable/WinAVR-20090313/lib/gcc/avr/4.3.2/avr4\libgcc.a(_udivmodsi4.o)
                              LedMatrixCompanion.o (__udivmodsi4)
D:/Portable/WinAVR-20090313/lib/gcc/avr/4.3.2/avr4\libgcc.a(_exit.o)
                              D:/Portable/WinAVR-20090313/lib/gcc/avr/4.3.2/../../../../avr/lib/avr4/crtm88p.o (exit)
D:/Portable/WinAVR-20090313/lib/gcc/avr/4.3.2/avr4\libgcc.a(_copy_data.o)
                              LedMatrixCompanion.o (__do_copy_data)
D:/Portable/WinAVR-20090313/lib/gcc/avr/4.3.2/avr4\libgcc.a(_clear_bss.o)
                              LedMatrixCompanion.o (__do_clear_bss)
D:/Portable/WinAVR-20090313/lib/gcc/avr/4.3.2/../../../../avr/lib/avr4\libc.a(random.o)
                              LedMatrixCompanion.o (random)
D:/Portable/WinAVR-20090313/lib/gcc/avr/4.3.2/avr4\libgcc.a(_divmodsi4.o)
                              D:/Portable/WinAVR-20090313/lib/gcc/avr/4.3.2/../../../../avr/lib/avr4\libc.a(random.o) (__divmodsi4)
D:/Portable/WinAVR-20090313/lib/gcc/avr/4.3.2/avr4\libgcc.a(_prologue.o)
                              D:/Portable/WinAVR-20090313/lib/gcc/avr/4.3.2/../../../../avr/lib/avr4\libc.a(random.o) (__prologue_saves__)
D:/Portable/WinAVR-20090313/lib/gcc/avr/4.3.2/avr4\libgcc.a(_epilogue.o)
                              D:/Portable/WinAVR-20090313/lib/gcc/avr/4.3.2/../../../../avr/lib/avr4\libc.a(random.o) (__epilogue_restores__)

Allocating common symbols
Common symbol       size              file

rx_buffer           0x40              LedMatrixCompanion.o
rx_buffer_overflow_flag
                    0x1               LedMatrixCompanion.o
mBuffer             0x8               LedMatrixCompanion.o

Memory Configuration

Name             Origin             Length             Attributes
text             0x00000000         0x00002000         xr
data             0x00800060         0x0000ffa0         rw !x
eeprom           0x00810000         0x00010000         rw !x
fuse             0x00820000         0x00000400         rw !x
lock             0x00830000         0x00000400         rw !x
signature        0x00840000         0x00000400         rw !x
*default*        0x00000000         0xffffffff

Linker script and memory map

Address of section .data set to 0x800100
LOAD D:/Portable/WinAVR-20090313/lib/gcc/avr/4.3.2/../../../../avr/lib/avr4/crtm88p.o
LOAD LedMatrixCompanion.o
LOAD D:/Portable/WinAVR-20090313/lib/gcc/avr/4.3.2/../../../../avr/lib/avr4\libm.a
LOAD D:/Portable/WinAVR-20090313/lib/gcc/avr/4.3.2/avr4\libgcc.a
LOAD D:/Portable/WinAVR-20090313/lib/gcc/avr/4.3.2/../../../../avr/lib/avr4\libc.a
LOAD D:/Portable/WinAVR-20090313/lib/gcc/avr/4.3.2/avr4\libgcc.a

.hash
 *(.hash)

.dynsym
 *(.dynsym)

.dynstr
 *(.dynstr)

.gnu.version
 *(.gnu.version)

.gnu.version_d
 *(.gnu.version_d)

.gnu.version_r
 *(.gnu.version_r)

.rel.init
 *(.rel.init)

.rela.init
 *(.rela.init)

.rel.text
 *(.rel.text)
 *(.rel.text.*)
 *(.rel.gnu.linkonce.t*)

.rela.text
 *(.rela.text)
 *(.rela.text.*)
 *(.rela.gnu.linkonce.t*)

.rel.fini
 *(.rel.fini)

.rela.fini
 *(.rela.fini)

.rel.rodata
 *(.rel.rodata)
 *(.rel.rodata.*)
 *(.rel.gnu.linkonce.r*)

.rela.rodata
 *(.rela.rodata)
 *(.rela.rodata.*)
 *(.rela.gnu.linkonce.r*)

.rel.data
 *(.rel.data)
 *(.rel.data.*)
 *(.rel.gnu.linkonce.d*)

.rela.data
 *(.rela.data)
 *(.rela.data.*)
 *(.rela.gnu.linkonce.d*)

.rel.ctors
 *(.rel.ctors)

.rela.ctors
 *(.rela.ctors)

.rel.dtors
 *(.rel.dtors)

.rela.dtors
 *(.rela.dtors)

.rel.got
 *(.rel.got)

.rela.got
 *(.rela.got)

.rel.bss
 *(.rel.bss)

.rela.bss
 *(.rela.bss)

.rel.plt
 *(.rel.plt)

.rela.plt
 *(.rela.plt)

.text           0x00000000      0x6d2
 *(.vectors)
 .vectors       0x00000000       0x34 D:/Portable/WinAVR-20090313/lib/gcc/avr/4.3.2/../../../../avr/lib/avr4/crtm88p.o
                0x00000000                __vectors
                0x00000000                __vector_default
 *(.vectors)
 *(.progmem.gcc*)
 *(.progmem*)
                0x00000034                . = ALIGN (0x2)
                0x00000034                __trampolines_start = .
 *(.trampolines)
 .trampolines   0x00000034        0x0 linker stubs
 *(.trampolines*)
                0x00000034                __trampolines_end = .
 *(.jumptables)
 *(.jumptables*)
 *(.lowtext)
 *(.lowtext*)
                0x00000034                __ctors_start = .
 *(.ctors)
                0x00000034                __ctors_end = .
                0x00000034                __dtors_start = .
 *(.dtors)
                0x00000034                __dtors_end = .
 SORT(*)(.ctors)
 SORT(*)(.dtors)
 *(.init0)
 .init0         0x00000034        0x0 D:/Portable/WinAVR-20090313/lib/gcc/avr/4.3.2/../../../../avr/lib/avr4/crtm88p.o
                0x00000034                __init
 *(.init0)
 *(.init1)
 *(.init1)
 *(.init2)
 .init2         0x00000034        0xc D:/Portable/WinAVR-20090313/lib/gcc/avr/4.3.2/../../../../avr/lib/avr4/crtm88p.o
 *(.init2)
 *(.init3)
 *(.init3)
 *(.init4)
 .init4         0x00000040       0x16 D:/Portable/WinAVR-20090313/lib/gcc/avr/4.3.2/avr4\libgcc.a(_copy_data.o)
                0x00000040                __do_copy_data
 .init4         0x00000056       0x10 D:/Portable/WinAVR-20090313/lib/gcc/avr/4.3.2/avr4\libgcc.a(_clear_bss.o)
                0x00000056                __do_clear_bss
 *(.init4)
 *(.init5)
 *(.init5)
 *(.init6)
 *(.init6)
 *(.init7)
 *(.init7)
 *(.init8)
 *(.init8)
 *(.init9)
 .init9         0x00000066        0x4 D:/Portable/WinAVR-20090313/lib/gcc/avr/4.3.2/../../../../avr/lib/avr4/crtm88p.o
 *(.init9)
 *(.text)
 .text          0x0000006a        0x2 D:/Portable/WinAVR-20090313/lib/gcc/avr/4.3.2/../../../../avr/lib/avr4/crtm88p.o
                0x0000006a                __vector_22
                0x0000006a                __vector_1
                0x0000006a                __vector_24
                0x0000006a                __vector_12
                0x0000006a                __bad_interrupt
                0x0000006a                __vector_6
                0x0000006a                __vector_3
                0x0000006a                __vector_23
                0x0000006a                __vector_25
                0x0000006a                __vector_11
                0x0000006a                __vector_13
                0x0000006a                __vector_17
                0x0000006a                __vector_19
                0x0000006a                __vector_7
                0x0000006a                __vector_5
                0x0000006a                __vector_4
                0x0000006a                __vector_9
                0x0000006a                __vector_2
                0x0000006a                __vector_21
                0x0000006a                __vector_15
                0x0000006a                __vector_8
                0x0000006a                __vector_14
                0x0000006a                __vector_10
                0x0000006a                __vector_16
                0x0000006a                __vector_20
 .text          0x0000006c      0x48a LedMatrixCompanion.o
                0x00000128                loop
                0x0000040a                init_usart_rx_buffer
                0x0000006c                digitalWrite
                0x00000196                HexToInt
                0x000004c0                randomOnOff
                0x000001d0                ReadSerialMatrixData
                0x000000ee                scanLines
                0x000003d4                main
                0x0000042a                read_from_buffer
                0x00000418                data_in_buffer
                0x000000de                resetMatrixBuffer
                0x00000450                __vector_18
                0x000002a8                init_usart
 .text          0x000004f6        0x0 D:/Portable/WinAVR-20090313/lib/gcc/avr/4.3.2/avr4\libgcc.a(_mulsi3.o)
 .text          0x000004f6        0x0 D:/Portable/WinAVR-20090313/lib/gcc/avr/4.3.2/avr4\libgcc.a(_udivmodsi4.o)
 .text          0x000004f6        0x0 D:/Portable/WinAVR-20090313/lib/gcc/avr/4.3.2/avr4\libgcc.a(_exit.o)
 .text          0x000004f6        0x0 D:/Portable/WinAVR-20090313/lib/gcc/avr/4.3.2/avr4\libgcc.a(_copy_data.o)
 .text          0x000004f6        0x0 D:/Portable/WinAVR-20090313/lib/gcc/avr/4.3.2/avr4\libgcc.a(_clear_bss.o)
 .text          0x000004f6       0xb2 D:/Portable/WinAVR-20090313/lib/gcc/avr/4.3.2/../../../../avr/lib/avr4\libc.a(random.o)
                0x0000058e                random
                0x0000058a                random_r
                0x00000596                srandom
 .text          0x000005a8        0x0 D:/Portable/WinAVR-20090313/lib/gcc/avr/4.3.2/avr4\libgcc.a(_divmodsi4.o)
 .text          0x000005a8        0x0 D:/Portable/WinAVR-20090313/lib/gcc/avr/4.3.2/avr4\libgcc.a(_prologue.o)
 .text          0x000005a8        0x0 D:/Portable/WinAVR-20090313/lib/gcc/avr/4.3.2/avr4\libgcc.a(_epilogue.o)
                0x000005a8                . = ALIGN (0x2)
 *(.text.*)
 .text.libgcc   0x000005a8       0x3e D:/Portable/WinAVR-20090313/lib/gcc/avr/4.3.2/avr4\libgcc.a(_mulsi3.o)
                0x000005a8                __mulsi3
 .text.libgcc   0x000005e6       0x44 D:/Portable/WinAVR-20090313/lib/gcc/avr/4.3.2/avr4\libgcc.a(_udivmodsi4.o)
                0x000005e6                __udivmodsi4
 .text.libgcc   0x0000062a        0x0 D:/Portable/WinAVR-20090313/lib/gcc/avr/4.3.2/avr4\libgcc.a(_exit.o)
 .text.libgcc   0x0000062a        0x0 D:/Portable/WinAVR-20090313/lib/gcc/avr/4.3.2/avr4\libgcc.a(_copy_data.o)
 .text.libgcc   0x0000062a        0x0 D:/Portable/WinAVR-20090313/lib/gcc/avr/4.3.2/avr4\libgcc.a(_clear_bss.o)
 .text.libgcc   0x0000062a       0x36 D:/Portable/WinAVR-20090313/lib/gcc/avr/4.3.2/avr4\libgcc.a(_divmodsi4.o)
                0x0000062a                __divmodsi4
 .text.libgcc   0x00000660       0x38 D:/Portable/WinAVR-20090313/lib/gcc/avr/4.3.2/avr4\libgcc.a(_prologue.o)
                0x00000660                __prologue_saves__
 .text.libgcc   0x00000698       0x36 D:/Portable/WinAVR-20090313/lib/gcc/avr/4.3.2/avr4\libgcc.a(_epilogue.o)
                0x00000698                __epilogue_restores__
                0x000006ce                . = ALIGN (0x2)
 *(.fini9)
 .fini9         0x000006ce        0x0 D:/Portable/WinAVR-20090313/lib/gcc/avr/4.3.2/avr4\libgcc.a(_exit.o)
                0x000006ce                exit
                0x000006ce                _exit
 *(.fini9)
 *(.fini8)
 *(.fini8)
 *(.fini7)
 *(.fini7)
 *(.fini6)
 *(.fini6)
 *(.fini5)
 *(.fini5)
 *(.fini4)
 *(.fini4)
 *(.fini3)
 *(.fini3)
 *(.fini2)
 *(.fini2)
 *(.fini1)
 *(.fini1)
 *(.fini0)
 .fini0         0x000006ce        0x4 D:/Portable/WinAVR-20090313/lib/gcc/avr/4.3.2/avr4\libgcc.a(_exit.o)
 *(.fini0)
                0x000006d2                _etext = .

.data           0x00800100       0x14 load address 0x000006d2
                0x00800100                PROVIDE (__data_start, .)
 *(.data)
 .data          0x00800100        0x0 D:/Portable/WinAVR-20090313/lib/gcc/avr/4.3.2/../../../../avr/lib/avr4/crtm88p.o
 .data          0x00800100       0x10 LedMatrixCompanion.o
                0x00800100                HEX2DEC
 .data          0x00800110        0x0 D:/Portable/WinAVR-20090313/lib/gcc/avr/4.3.2/avr4\libgcc.a(_mulsi3.o)
 .data          0x00800110        0x0 D:/Portable/WinAVR-20090313/lib/gcc/avr/4.3.2/avr4\libgcc.a(_udivmodsi4.o)
 .data          0x00800110        0x0 D:/Portable/WinAVR-20090313/lib/gcc/avr/4.3.2/avr4\libgcc.a(_exit.o)
 .data          0x00800110        0x0 D:/Portable/WinAVR-20090313/lib/gcc/avr/4.3.2/avr4\libgcc.a(_copy_data.o)
 .data          0x00800110        0x0 D:/Portable/WinAVR-20090313/lib/gcc/avr/4.3.2/avr4\libgcc.a(_clear_bss.o)
 .data          0x00800110        0x4 D:/Portable/WinAVR-20090313/lib/gcc/avr/4.3.2/../../../../avr/lib/avr4\libc.a(random.o)
 .data          0x00800114        0x0 D:/Portable/WinAVR-20090313/lib/gcc/avr/4.3.2/avr4\libgcc.a(_divmodsi4.o)
 .data          0x00800114        0x0 D:/Portable/WinAVR-20090313/lib/gcc/avr/4.3.2/avr4\libgcc.a(_prologue.o)
 .data          0x00800114        0x0 D:/Portable/WinAVR-20090313/lib/gcc/avr/4.3.2/avr4\libgcc.a(_epilogue.o)
 *(.data*)
 *(.rodata)
 *(.rodata*)
 *(.gnu.linkonce.d*)
                0x00800114                . = ALIGN (0x2)
                0x00800114                _edata = .
                0x00800114                PROVIDE (__data_end, .)

.bss            0x00800114       0x4c
                0x00800114                PROVIDE (__bss_start, .)
 *(.bss)
 .bss           0x00800114        0x0 D:/Portable/WinAVR-20090313/lib/gcc/avr/4.3.2/../../../../avr/lib/avr4/crtm88p.o
 .bss           0x00800114        0x3 LedMatrixCompanion.o
                0x00800115                rx_buffer_head
                0x00800114                rx_buffer_tail
                0x00800116                mPos
 .bss           0x00800117        0x0 D:/Portable/WinAVR-20090313/lib/gcc/avr/4.3.2/avr4\libgcc.a(_mulsi3.o)
 .bss           0x00800117        0x0 D:/Portable/WinAVR-20090313/lib/gcc/avr/4.3.2/avr4\libgcc.a(_udivmodsi4.o)
 .bss           0x00800117        0x0 D:/Portable/WinAVR-20090313/lib/gcc/avr/4.3.2/avr4\libgcc.a(_exit.o)
 .bss           0x00800117        0x0 D:/Portable/WinAVR-20090313/lib/gcc/avr/4.3.2/avr4\libgcc.a(_copy_data.o)
 .bss           0x00800117        0x0 D:/Portable/WinAVR-20090313/lib/gcc/avr/4.3.2/avr4\libgcc.a(_clear_bss.o)
 .bss           0x00800117        0x0 D:/Portable/WinAVR-20090313/lib/gcc/avr/4.3.2/../../../../avr/lib/avr4\libc.a(random.o)
 .bss           0x00800117        0x0 D:/Portable/WinAVR-20090313/lib/gcc/avr/4.3.2/avr4\libgcc.a(_divmodsi4.o)
 .bss           0x00800117        0x0 D:/Portable/WinAVR-20090313/lib/gcc/avr/4.3.2/avr4\libgcc.a(_prologue.o)
 .bss           0x00800117        0x0 D:/Portable/WinAVR-20090313/lib/gcc/avr/4.3.2/avr4\libgcc.a(_epilogue.o)
 *(.bss*)
 *(COMMON)
 COMMON         0x00800117       0x49 LedMatrixCompanion.o
                0x00800117                rx_buffer
                0x00800157                rx_buffer_overflow_flag
                0x00800158                mBuffer
                0x00800160                PROVIDE (__bss_end, .)
                0x000006d2                __data_load_start = LOADADDR (.data)
                0x000006e6                __data_load_end = (__data_load_start + SIZEOF (.data))

.noinit         0x00800160        0x0
                0x00800160                PROVIDE (__noinit_start, .)
 *(.noinit*)
                0x00800160                PROVIDE (__noinit_end, .)
                0x00800160                _end = .
                0x00800160                PROVIDE (__heap_start, .)

.eeprom         0x00810000        0x0
 *(.eeprom*)
                0x00810000                __eeprom_end = .

.fuse
 *(.fuse)
 *(.lfuse)
 *(.hfuse)
 *(.efuse)

.lock
 *(.lock*)

.signature
 *(.signature*)

.stab
 *(.stab)

.stabstr
 *(.stabstr)

.stab.excl
 *(.stab.excl)

.stab.exclstr
 *(.stab.exclstr)

.stab.index
 *(.stab.index)

.stab.indexstr
 *(.stab.indexstr)

.comment
 *(.comment)

.debug
 *(.debug)

.line
 *(.line)

.debug_srcinfo
 *(.debug_srcinfo)

.debug_sfnames
 *(.debug_sfnames)

.debug_aranges  0x00000000       0x20
 *(.debug_aranges)
 .debug_aranges
                0x00000000       0x20 LedMatrixCompanion.o

.debug_pubnames
                0x00000000      0x160
 *(.debug_pubnames)
 .debug_pubnames
                0x00000000      0x160 LedMatrixCompanion.o

.debug_info     0x00000000      0x612
 *(.debug_info)
 .debug_info    0x00000000      0x612 LedMatrixCompanion.o
 *(.gnu.linkonce.wi.*)

.debug_abbrev   0x00000000      0x247
 *(.debug_abbrev)
 .debug_abbrev  0x00000000      0x247 LedMatrixCompanion.o

.debug_line     0x00000000      0x4dc
 *(.debug_line)
 .debug_line    0x00000000      0x4dc LedMatrixCompanion.o

.debug_frame    0x00000000       0xe0
 *(.debug_frame)
 .debug_frame   0x00000000       0xe0 LedMatrixCompanion.o

.debug_str      0x00000000      0x289
 *(.debug_str)
 .debug_str     0x00000000      0x289 LedMatrixCompanion.o
                                0x2c7 (size before relaxing)

.debug_loc      0x00000000      0x213
 *(.debug_loc)
 .debug_loc     0x00000000      0x213 LedMatrixCompanion.o

.debug_macinfo
 *(.debug_macinfo)
OUTPUT(LedMatrixCompanion.elf elf32-avr)
LOAD linker stubs

.debug_ranges   0x00000000       0x78
 .debug_ranges  0x00000000       0x78 LedMatrixCompanion.o

Cross Reference Table

Symbol                                            File
HEX2DEC                                           LedMatrixCompanion.o
HexToInt                                          LedMatrixCompanion.o
ReadSerialMatrixData                              LedMatrixCompanion.o
__bad_interrupt                                   D:/Portable/WinAVR-20090313/lib/gcc/avr/4.3.2/../../../../avr/lib/avr4/crtm88p.o
__bss_end                                         D:/Portable/WinAVR-20090313/lib/gcc/avr/4.3.2/avr4\libgcc.a(_clear_bss.o)
__bss_start                                       D:/Portable/WinAVR-20090313/lib/gcc/avr/4.3.2/avr4\libgcc.a(_clear_bss.o)
__data_end                                        D:/Portable/WinAVR-20090313/lib/gcc/avr/4.3.2/avr4\libgcc.a(_copy_data.o)
__data_load_start                                 D:/Portable/WinAVR-20090313/lib/gcc/avr/4.3.2/avr4\libgcc.a(_copy_data.o)
__data_start                                      D:/Portable/WinAVR-20090313/lib/gcc/avr/4.3.2/avr4\libgcc.a(_copy_data.o)
__divmodsi4                                       D:/Portable/WinAVR-20090313/lib/gcc/avr/4.3.2/avr4\libgcc.a(_divmodsi4.o)
                                                  D:/Portable/WinAVR-20090313/lib/gcc/avr/4.3.2/../../../../avr/lib/avr4\libc.a(random.o)
__do_clear_bss                                    D:/Portable/WinAVR-20090313/lib/gcc/avr/4.3.2/avr4\libgcc.a(_clear_bss.o)
                                                  LedMatrixCompanion.o
__do_copy_data                                    D:/Portable/WinAVR-20090313/lib/gcc/avr/4.3.2/avr4\libgcc.a(_copy_data.o)
                                                  D:/Portable/WinAVR-20090313/lib/gcc/avr/4.3.2/../../../../avr/lib/avr4\libc.a(random.o)
                                                  LedMatrixCompanion.o
__epilogue_restores__                             D:/Portable/WinAVR-20090313/lib/gcc/avr/4.3.2/avr4\libgcc.a(_epilogue.o)
                                                  D:/Portable/WinAVR-20090313/lib/gcc/avr/4.3.2/../../../../avr/lib/avr4\libc.a(random.o)
__heap_end                                        D:/Portable/WinAVR-20090313/lib/gcc/avr/4.3.2/../../../../avr/lib/avr4/crtm88p.o
__init                                            D:/Portable/WinAVR-20090313/lib/gcc/avr/4.3.2/../../../../avr/lib/avr4/crtm88p.o
__mulsi3                                          D:/Portable/WinAVR-20090313/lib/gcc/avr/4.3.2/avr4\libgcc.a(_mulsi3.o)
                                                  D:/Portable/WinAVR-20090313/lib/gcc/avr/4.3.2/../../../../avr/lib/avr4\libc.a(random.o)
                                                  LedMatrixCompanion.o
__prologue_saves__                                D:/Portable/WinAVR-20090313/lib/gcc/avr/4.3.2/avr4\libgcc.a(_prologue.o)
                                                  D:/Portable/WinAVR-20090313/lib/gcc/avr/4.3.2/../../../../avr/lib/avr4\libc.a(random.o)
__stack                                           D:/Portable/WinAVR-20090313/lib/gcc/avr/4.3.2/../../../../avr/lib/avr4/crtm88p.o
__udivmodsi4                                      D:/Portable/WinAVR-20090313/lib/gcc/avr/4.3.2/avr4\libgcc.a(_udivmodsi4.o)
                                                  D:/Portable/WinAVR-20090313/lib/gcc/avr/4.3.2/avr4\libgcc.a(_divmodsi4.o)
                                                  LedMatrixCompanion.o
__vector_1                                        D:/Portable/WinAVR-20090313/lib/gcc/avr/4.3.2/../../../../avr/lib/avr4/crtm88p.o
__vector_10                                       D:/Portable/WinAVR-20090313/lib/gcc/avr/4.3.2/../../../../avr/lib/avr4/crtm88p.o
__vector_11                                       D:/Portable/WinAVR-20090313/lib/gcc/avr/4.3.2/../../../../avr/lib/avr4/crtm88p.o
__vector_12                                       D:/Portable/WinAVR-20090313/lib/gcc/avr/4.3.2/../../../../avr/lib/avr4/crtm88p.o
__vector_13                                       D:/Portable/WinAVR-20090313/lib/gcc/avr/4.3.2/../../../../avr/lib/avr4/crtm88p.o
__vector_14                                       D:/Portable/WinAVR-20090313/lib/gcc/avr/4.3.2/../../../../avr/lib/avr4/crtm88p.o
__vector_15                                       D:/Portable/WinAVR-20090313/lib/gcc/avr/4.3.2/../../../../avr/lib/avr4/crtm88p.o
__vector_16                                       D:/Portable/WinAVR-20090313/lib/gcc/avr/4.3.2/../../../../avr/lib/avr4/crtm88p.o
__vector_17                                       D:/Portable/WinAVR-20090313/lib/gcc/avr/4.3.2/../../../../avr/lib/avr4/crtm88p.o
__vector_18                                       LedMatrixCompanion.o
                                                  D:/Portable/WinAVR-20090313/lib/gcc/avr/4.3.2/../../../../avr/lib/avr4/crtm88p.o
__vector_19                                       D:/Portable/WinAVR-20090313/lib/gcc/avr/4.3.2/../../../../avr/lib/avr4/crtm88p.o
__vector_2                                        D:/Portable/WinAVR-20090313/lib/gcc/avr/4.3.2/../../../../avr/lib/avr4/crtm88p.o
__vector_20                                       D:/Portable/WinAVR-20090313/lib/gcc/avr/4.3.2/../../../../avr/lib/avr4/crtm88p.o
__vector_21                                       D:/Portable/WinAVR-20090313/lib/gcc/avr/4.3.2/../../../../avr/lib/avr4/crtm88p.o
__vector_22                                       D:/Portable/WinAVR-20090313/lib/gcc/avr/4.3.2/../../../../avr/lib/avr4/crtm88p.o
__vector_23                                       D:/Portable/WinAVR-20090313/lib/gcc/avr/4.3.2/../../../../avr/lib/avr4/crtm88p.o
__vector_24                                       D:/Portable/WinAVR-20090313/lib/gcc/avr/4.3.2/../../../../avr/lib/avr4/crtm88p.o
__vector_25                                       D:/Portable/WinAVR-20090313/lib/gcc/avr/4.3.2/../../../../avr/lib/avr4/crtm88p.o
__vector_3                                        D:/Portable/WinAVR-20090313/lib/gcc/avr/4.3.2/../../../../avr/lib/avr4/crtm88p.o
__vector_4                                        D:/Portable/WinAVR-20090313/lib/gcc/avr/4.3.2/../../../../avr/lib/avr4/crtm88p.o
__vector_5                                        D:/Portable/WinAVR-20090313/lib/gcc/avr/4.3.2/../../../../avr/lib/avr4/crtm88p.o
__vector_6                                        D:/Portable/WinAVR-20090313/lib/gcc/avr/4.3.2/../../../../avr/lib/avr4/crtm88p.o
__vector_7                                        D:/Portable/WinAVR-20090313/lib/gcc/avr/4.3.2/../../../../avr/lib/avr4/crtm88p.o
__vector_8                                        D:/Portable/WinAVR-20090313/lib/gcc/avr/4.3.2/../../../../avr/lib/avr4/crtm88p.o
__vector_9                                        D:/Portable/WinAVR-20090313/lib/gcc/avr/4.3.2/../../../../avr/lib/avr4/crtm88p.o
__vector_default                                  D:/Portable/WinAVR-20090313/lib/gcc/avr/4.3.2/../../../../avr/lib/avr4/crtm88p.o
__vectors                                         D:/Portable/WinAVR-20090313/lib/gcc/avr/4.3.2/../../../../avr/lib/avr4/crtm88p.o
_exit                                             D:/Portable/WinAVR-20090313/lib/gcc/avr/4.3.2/avr4\libgcc.a(_exit.o)
data_in_buffer                                    LedMatrixCompanion.o
digitalWrite                                      LedMatrixCompanion.o
exit                                              D:/Portable/WinAVR-20090313/lib/gcc/avr/4.3.2/avr4\libgcc.a(_exit.o)
                                                  D:/Portable/WinAVR-20090313/lib/gcc/avr/4.3.2/../../../../avr/lib/avr4/crtm88p.o
init_usart                                        LedMatrixCompanion.o
init_usart_rx_buffer                              LedMatrixCompanion.o
loop                                              LedMatrixCompanion.o
mBuffer                                           LedMatrixCompanion.o
mPos                                              LedMatrixCompanion.o
main                                              LedMatrixCompanion.o
                                                  D:/Portable/WinAVR-20090313/lib/gcc/avr/4.3.2/../../../../avr/lib/avr4/crtm88p.o
random                                            D:/Portable/WinAVR-20090313/lib/gcc/avr/4.3.2/../../../../avr/lib/avr4\libc.a(random.o)
                                                  LedMatrixCompanion.o
randomOnOff                                       LedMatrixCompanion.o
random_r                                          D:/Portable/WinAVR-20090313/lib/gcc/avr/4.3.2/../../../../avr/lib/avr4\libc.a(random.o)
read_from_buffer                                  LedMatrixCompanion.o
resetMatrixBuffer                                 LedMatrixCompanion.o
rx_buffer                                         LedMatrixCompanion.o
rx_buffer_head                                    LedMatrixCompanion.o
rx_buffer_overflow_flag                           LedMatrixCompanion.o
rx_buffer_tail                                    LedMatrixCompanion.o
scanLines                                         LedMatrixCompanion.o
srandom                                           D:/Portable/WinAVR-20090313/lib/gcc/avr/4.3.2/../../../../avr/lib/avr4\libc.a(random.o)
