Archive member included because of file (symbol)

D:/Portable/WinAVR-20090313/lib/gcc/avr/4.3.2/avr25\libgcc.a(_exit.o)
                              D:/Portable/WinAVR-20090313/lib/gcc/avr/4.3.2/../../../../avr/lib/avr25/crttn2313.o (exit)
D:/Portable/WinAVR-20090313/lib/gcc/avr/4.3.2/avr25\libgcc.a(_clear_bss.o)
                              HPD.o (__do_clear_bss)

Memory Configuration

Name             Origin             Length             Attributes
text             0x00000000         0x00002000         xr
data             0x00800060         0x0000ffa0         rw !x
eeprom           0x00810000         0x00010000         rw !x
fuse             0x00820000         0x00000400         rw !x
lock             0x00830000         0x00000400         rw !x
signature        0x00840000         0x00000400         rw !x
*default*        0x00000000         0xffffffff

Linker script and memory map

LOAD D:/Portable/WinAVR-20090313/lib/gcc/avr/4.3.2/../../../../avr/lib/avr25/crttn2313.o
LOAD HPD.o
LOAD D:/Portable/WinAVR-20090313/lib/gcc/avr/4.3.2/../../../../avr/lib/avr25\libm.a
LOAD D:/Portable/WinAVR-20090313/lib/gcc/avr/4.3.2/avr25\libgcc.a
LOAD D:/Portable/WinAVR-20090313/lib/gcc/avr/4.3.2/../../../../avr/lib/avr25\libc.a
LOAD D:/Portable/WinAVR-20090313/lib/gcc/avr/4.3.2/avr25\libgcc.a

.hash
 *(.hash)

.dynsym
 *(.dynsym)

.dynstr
 *(.dynstr)

.gnu.version
 *(.gnu.version)

.gnu.version_d
 *(.gnu.version_d)

.gnu.version_r
 *(.gnu.version_r)

.rel.init
 *(.rel.init)

.rela.init
 *(.rela.init)

.rel.text
 *(.rel.text)
 *(.rel.text.*)
 *(.rel.gnu.linkonce.t*)

.rela.text
 *(.rela.text)
 *(.rela.text.*)
 *(.rela.gnu.linkonce.t*)

.rel.fini
 *(.rel.fini)

.rela.fini
 *(.rela.fini)

.rel.rodata
 *(.rel.rodata)
 *(.rel.rodata.*)
 *(.rel.gnu.linkonce.r*)

.rela.rodata
 *(.rela.rodata)
 *(.rela.rodata.*)
 *(.rela.gnu.linkonce.r*)

.rel.data
 *(.rel.data)
 *(.rel.data.*)
 *(.rel.gnu.linkonce.d*)

.rela.data
 *(.rela.data)
 *(.rela.data.*)
 *(.rela.gnu.linkonce.d*)

.rel.ctors
 *(.rel.ctors)

.rela.ctors
 *(.rela.ctors)

.rel.dtors
 *(.rel.dtors)

.rela.dtors
 *(.rela.dtors)

.rel.got
 *(.rel.got)

.rela.got
 *(.rela.got)

.rel.bss
 *(.rel.bss)

.rela.bss
 *(.rela.bss)

.rel.plt
 *(.rel.plt)

.rela.plt
 *(.rela.plt)

.text           0x00000000      0x154
 *(.vectors)
 .vectors       0x00000000       0x26 D:/Portable/WinAVR-20090313/lib/gcc/avr/4.3.2/../../../../avr/lib/avr25/crttn2313.o
                0x00000000                __vectors
                0x00000000                __vector_default
 *(.vectors)
 *(.progmem.gcc*)
 *(.progmem*)
                0x00000026                . = ALIGN (0x2)
                0x00000026                __trampolines_start = .
 *(.trampolines)
 .trampolines   0x00000026        0x0 linker stubs
 *(.trampolines*)
                0x00000026                __trampolines_end = .
 *(.jumptables)
 *(.jumptables*)
 *(.lowtext)
 *(.lowtext*)
                0x00000026                __ctors_start = .
 *(.ctors)
                0x00000026                __ctors_end = .
                0x00000026                __dtors_start = .
 *(.dtors)
                0x00000026                __dtors_end = .
 SORT(*)(.ctors)
 SORT(*)(.dtors)
 *(.init0)
 .init0         0x00000026        0x0 D:/Portable/WinAVR-20090313/lib/gcc/avr/4.3.2/../../../../avr/lib/avr25/crttn2313.o
                0x00000026                __init
 *(.init0)
 *(.init1)
 *(.init1)
 *(.init2)
 .init2         0x00000026        0x8 D:/Portable/WinAVR-20090313/lib/gcc/avr/4.3.2/../../../../avr/lib/avr25/crttn2313.o
 *(.init2)
 *(.init3)
 *(.init3)
 *(.init4)
 .init4         0x0000002e       0x10 D:/Portable/WinAVR-20090313/lib/gcc/avr/4.3.2/avr25\libgcc.a(_clear_bss.o)
                0x0000002e                __do_clear_bss
 *(.init4)
 *(.init5)
 *(.init5)
 *(.init6)
 *(.init6)
 *(.init7)
 *(.init7)
 *(.init8)
 *(.init8)
 *(.init9)
 .init9         0x0000003e        0x4 D:/Portable/WinAVR-20090313/lib/gcc/avr/4.3.2/../../../../avr/lib/avr25/crttn2313.o
 *(.init9)
 *(.text)
 .text          0x00000042        0x2 D:/Portable/WinAVR-20090313/lib/gcc/avr/4.3.2/../../../../avr/lib/avr25/crttn2313.o
                0x00000042                __vector_1
                0x00000042                __vector_12
                0x00000042                __bad_interrupt
                0x00000042                __vector_6
                0x00000042                __vector_3
                0x00000042                __vector_11
                0x00000042                __vector_13
                0x00000042                __vector_17
                0x00000042                __vector_7
                0x00000042                __vector_4
                0x00000042                __vector_9
                0x00000042                __vector_2
                0x00000042                __vector_15
                0x00000042                __vector_8
                0x00000042                __vector_14
                0x00000042                __vector_10
                0x00000042                __vector_16
                0x00000042                __vector_18
 .text          0x00000044      0x10c HPD.o
                0x000000ce                init_timer0_PWM
                0x000000c2                init_timer1_OVF
                0x00000044                __vector_5
                0x000000e4                main
 .text          0x00000150        0x0 D:/Portable/WinAVR-20090313/lib/gcc/avr/4.3.2/avr25\libgcc.a(_exit.o)
 .text          0x00000150        0x0 D:/Portable/WinAVR-20090313/lib/gcc/avr/4.3.2/avr25\libgcc.a(_clear_bss.o)
                0x00000150                . = ALIGN (0x2)
 *(.text.*)
 .text.libgcc   0x00000150        0x0 D:/Portable/WinAVR-20090313/lib/gcc/avr/4.3.2/avr25\libgcc.a(_exit.o)
 .text.libgcc   0x00000150        0x0 D:/Portable/WinAVR-20090313/lib/gcc/avr/4.3.2/avr25\libgcc.a(_clear_bss.o)
                0x00000150                . = ALIGN (0x2)
 *(.fini9)
 .fini9         0x00000150        0x0 D:/Portable/WinAVR-20090313/lib/gcc/avr/4.3.2/avr25\libgcc.a(_exit.o)
                0x00000150                exit
                0x00000150                _exit
 *(.fini9)
 *(.fini8)
 *(.fini8)
 *(.fini7)
 *(.fini7)
 *(.fini6)
 *(.fini6)
 *(.fini5)
 *(.fini5)
 *(.fini4)
 *(.fini4)
 *(.fini3)
 *(.fini3)
 *(.fini2)
 *(.fini2)
 *(.fini1)
 *(.fini1)
 *(.fini0)
 .fini0         0x00000150        0x4 D:/Portable/WinAVR-20090313/lib/gcc/avr/4.3.2/avr25\libgcc.a(_exit.o)
 *(.fini0)
                0x00000154                _etext = .

.data           0x00800060        0x0 load address 0x00000154
                0x00800060                PROVIDE (__data_start, .)
 *(.data)
 .data          0x00800060        0x0 D:/Portable/WinAVR-20090313/lib/gcc/avr/4.3.2/../../../../avr/lib/avr25/crttn2313.o
 .data          0x00800060        0x0 HPD.o
 .data          0x00800060        0x0 D:/Portable/WinAVR-20090313/lib/gcc/avr/4.3.2/avr25\libgcc.a(_exit.o)
 .data          0x00800060        0x0 D:/Portable/WinAVR-20090313/lib/gcc/avr/4.3.2/avr25\libgcc.a(_clear_bss.o)
 *(.data*)
 *(.rodata)
 *(.rodata*)
 *(.gnu.linkonce.d*)
                0x00800060                . = ALIGN (0x2)
                0x00800060                _edata = .
                0x00800060                PROVIDE (__data_end, .)

.bss            0x00800060        0x4
                0x00800060                PROVIDE (__bss_start, .)
 *(.bss)
 .bss           0x00800060        0x0 D:/Portable/WinAVR-20090313/lib/gcc/avr/4.3.2/../../../../avr/lib/avr25/crttn2313.o
 .bss           0x00800060        0x4 HPD.o
                0x00800062                mACONCounter
                0x00800060                mTimerCounter
 .bss           0x00800064        0x0 D:/Portable/WinAVR-20090313/lib/gcc/avr/4.3.2/avr25\libgcc.a(_exit.o)
 .bss           0x00800064        0x0 D:/Portable/WinAVR-20090313/lib/gcc/avr/4.3.2/avr25\libgcc.a(_clear_bss.o)
 *(.bss*)
 *(COMMON)
                0x00800064                PROVIDE (__bss_end, .)
                0x00000154                __data_load_start = LOADADDR (.data)
                0x00000154                __data_load_end = (__data_load_start + SIZEOF (.data))

.noinit         0x00800064        0x0
                0x00800064                PROVIDE (__noinit_start, .)
 *(.noinit*)
                0x00800064                PROVIDE (__noinit_end, .)
                0x00800064                _end = .
                0x00800064                PROVIDE (__heap_start, .)

.eeprom         0x00810000        0x0
 *(.eeprom*)
                0x00810000                __eeprom_end = .

.fuse
 *(.fuse)
 *(.lfuse)
 *(.hfuse)
 *(.efuse)

.lock
 *(.lock*)

.signature
 *(.signature*)

.stab
 *(.stab)

.stabstr
 *(.stabstr)

.stab.excl
 *(.stab.excl)

.stab.exclstr
 *(.stab.exclstr)

.stab.index
 *(.stab.index)

.stab.indexstr
 *(.stab.indexstr)

.comment
 *(.comment)

.debug
 *(.debug)

.line
 *(.line)

.debug_srcinfo
 *(.debug_srcinfo)

.debug_sfnames
 *(.debug_sfnames)

.debug_aranges  0x00000000       0x20
 *(.debug_aranges)
 .debug_aranges
                0x00000000       0x20 HPD.o

.debug_pubnames
                0x00000000       0x75
 *(.debug_pubnames)
 .debug_pubnames
                0x00000000       0x75 HPD.o

.debug_info     0x00000000      0x232
 *(.debug_info)
 .debug_info    0x00000000      0x232 HPD.o
 *(.gnu.linkonce.wi.*)

.debug_abbrev   0x00000000      0x14d
 *(.debug_abbrev)
 .debug_abbrev  0x00000000      0x14d HPD.o

.debug_line     0x00000000      0x28f
 *(.debug_line)
 .debug_line    0x00000000      0x28f HPD.o

.debug_frame    0x00000000       0x50
 *(.debug_frame)
 .debug_frame   0x00000000       0x50 HPD.o

.debug_str      0x00000000      0x11e
 *(.debug_str)
 .debug_str     0x00000000      0x11e HPD.o
                                0x152 (size before relaxing)

.debug_loc      0x00000000       0x58
 *(.debug_loc)
 .debug_loc     0x00000000       0x58 HPD.o

.debug_macinfo
 *(.debug_macinfo)
OUTPUT(HPD.elf elf32-avr)
LOAD linker stubs

.debug_ranges   0x00000000       0x90
 .debug_ranges  0x00000000       0x90 HPD.o

Cross Reference Table

Symbol                                            File
__bad_interrupt                                   D:/Portable/WinAVR-20090313/lib/gcc/avr/4.3.2/../../../../avr/lib/avr25/crttn2313.o
__bss_end                                         D:/Portable/WinAVR-20090313/lib/gcc/avr/4.3.2/avr25\libgcc.a(_clear_bss.o)
__bss_start                                       D:/Portable/WinAVR-20090313/lib/gcc/avr/4.3.2/avr25\libgcc.a(_clear_bss.o)
__do_clear_bss                                    D:/Portable/WinAVR-20090313/lib/gcc/avr/4.3.2/avr25\libgcc.a(_clear_bss.o)
                                                  HPD.o
__heap_end                                        D:/Portable/WinAVR-20090313/lib/gcc/avr/4.3.2/../../../../avr/lib/avr25/crttn2313.o
__init                                            D:/Portable/WinAVR-20090313/lib/gcc/avr/4.3.2/../../../../avr/lib/avr25/crttn2313.o
__stack                                           D:/Portable/WinAVR-20090313/lib/gcc/avr/4.3.2/../../../../avr/lib/avr25/crttn2313.o
__vector_1                                        D:/Portable/WinAVR-20090313/lib/gcc/avr/4.3.2/../../../../avr/lib/avr25/crttn2313.o
__vector_10                                       D:/Portable/WinAVR-20090313/lib/gcc/avr/4.3.2/../../../../avr/lib/avr25/crttn2313.o
__vector_11                                       D:/Portable/WinAVR-20090313/lib/gcc/avr/4.3.2/../../../../avr/lib/avr25/crttn2313.o
__vector_12                                       D:/Portable/WinAVR-20090313/lib/gcc/avr/4.3.2/../../../../avr/lib/avr25/crttn2313.o
__vector_13                                       D:/Portable/WinAVR-20090313/lib/gcc/avr/4.3.2/../../../../avr/lib/avr25/crttn2313.o
__vector_14                                       D:/Portable/WinAVR-20090313/lib/gcc/avr/4.3.2/../../../../avr/lib/avr25/crttn2313.o
__vector_15                                       D:/Portable/WinAVR-20090313/lib/gcc/avr/4.3.2/../../../../avr/lib/avr25/crttn2313.o
__vector_16                                       D:/Portable/WinAVR-20090313/lib/gcc/avr/4.3.2/../../../../avr/lib/avr25/crttn2313.o
__vector_17                                       D:/Portable/WinAVR-20090313/lib/gcc/avr/4.3.2/../../../../avr/lib/avr25/crttn2313.o
__vector_18                                       D:/Portable/WinAVR-20090313/lib/gcc/avr/4.3.2/../../../../avr/lib/avr25/crttn2313.o
__vector_2                                        D:/Portable/WinAVR-20090313/lib/gcc/avr/4.3.2/../../../../avr/lib/avr25/crttn2313.o
__vector_3                                        D:/Portable/WinAVR-20090313/lib/gcc/avr/4.3.2/../../../../avr/lib/avr25/crttn2313.o
__vector_4                                        D:/Portable/WinAVR-20090313/lib/gcc/avr/4.3.2/../../../../avr/lib/avr25/crttn2313.o
__vector_5                                        HPD.o
                                                  D:/Portable/WinAVR-20090313/lib/gcc/avr/4.3.2/../../../../avr/lib/avr25/crttn2313.o
__vector_6                                        D:/Portable/WinAVR-20090313/lib/gcc/avr/4.3.2/../../../../avr/lib/avr25/crttn2313.o
__vector_7                                        D:/Portable/WinAVR-20090313/lib/gcc/avr/4.3.2/../../../../avr/lib/avr25/crttn2313.o
__vector_8                                        D:/Portable/WinAVR-20090313/lib/gcc/avr/4.3.2/../../../../avr/lib/avr25/crttn2313.o
__vector_9                                        D:/Portable/WinAVR-20090313/lib/gcc/avr/4.3.2/../../../../avr/lib/avr25/crttn2313.o
__vector_default                                  D:/Portable/WinAVR-20090313/lib/gcc/avr/4.3.2/../../../../avr/lib/avr25/crttn2313.o
__vectors                                         D:/Portable/WinAVR-20090313/lib/gcc/avr/4.3.2/../../../../avr/lib/avr25/crttn2313.o
_exit                                             D:/Portable/WinAVR-20090313/lib/gcc/avr/4.3.2/avr25\libgcc.a(_exit.o)
exit                                              D:/Portable/WinAVR-20090313/lib/gcc/avr/4.3.2/avr25\libgcc.a(_exit.o)
                                                  D:/Portable/WinAVR-20090313/lib/gcc/avr/4.3.2/../../../../avr/lib/avr25/crttn2313.o
init_timer0_PWM                                   HPD.o
init_timer1_OVF                                   HPD.o
mACONCounter                                      HPD.o
mTimerCounter                                     HPD.o
main                                              HPD.o
                                                  D:/Portable/WinAVR-20090313/lib/gcc/avr/4.3.2/../../../../avr/lib/avr25/crttn2313.o
